Traceback (most recent call last):
  File "C:\Users\21727\AppData\Local\Programs\Python\Python310\lib\runpy.py", line 196, in _run_module_as_main
    return _run_code(code, main_globals, None,
  File "C:\Users\21727\AppData\Local\Programs\Python\Python310\lib\runpy.py", line 86, in _run_code
    exec(code, run_globals)
  File "D:\Code\python\research\form_github\expert-reward-agent\training\train_sb3_wrapper.py", line 821, in <module>
    main()
  File "D:\Code\python\research\form_github\expert-reward-agent\training\train_sb3_wrapper.py", line 638, in main
    reward_fn = None if args.use_original_reward else load_reward_function(args.reward)
  File "D:\Code\python\research\form_github\expert-reward-agent\training\reward_wrapper.py", line 11, in load_reward_function
    spec.loader.exec_module(module)
  File "<frozen importlib._bootstrap_external>", line 879, in exec_module
  File "<frozen importlib._bootstrap_external>", line 1017, in get_code
  File "<frozen importlib._bootstrap_external>", line 947, in source_to_code
  File "<frozen importlib._bootstrap>", line 241, in _call_with_frames_removed
  File "D:\Code\python\research\form_github\expert-reward-agent\runs\env_007\fragilecargo_create_v9\seed_0\iter_09\generation\reward_v9.py", line 163
    if align_next >
                   ^
SyntaxError: invalid syntax
Traceback (most recent call last):
  File "C:\Users\21727\AppData\Local\Programs\Python\Python310\lib\runpy.py", line 196, in _run_module_as_main
    return _run_code(code, main_globals, None,
  File "C:\Users\21727\AppData\Local\Programs\Python\Python310\lib\runpy.py", line 86, in _run_code
    exec(code, run_globals)
  File "D:\Code\python\research\form_github\expert-reward-agent\pipeline\run_iterative_experiment.py", line 1126, in <module>
    main()
  File "D:\Code\python\research\form_github\expert-reward-agent\pipeline\run_iterative_experiment.py", line 1111, in main
    run_iterative_experiment(
  File "D:\Code\python\research\form_github\expert-reward-agent\pipeline\run_iterative_experiment.py", line 904, in run_iterative_experiment
    run_cmd([
  File "D:\Code\python\research\form_github\expert-reward-agent\pipeline\run_iterative_experiment.py", line 18, in run_cmd
    subprocess.run(cmd, check=True)
  File "C:\Users\21727\AppData\Local\Programs\Python\Python310\lib\subprocess.py", line 526, in run
    raise CalledProcessError(retcode, process.args,
subprocess.CalledProcessError: Command '['D:\\Code\\python\\research\\llm_env_310\\Scripts\\python.exe', '-m', 'training.train_sb3_wrapper', '--config', 'configs/env007_fragilecargo_create_v9.yaml', '--reward', 'runs\\env_007\\fragilecargo_create_v9\\seed_0\\iter_09\\generation\\reward_v9.py', '--run-name', 'fragilecargo_create_v9/seed_0/iter_09/training', '--save-dir', 'runs\\env_007\\fragilecargo_create_v9\\seed_0\\iter_09\\training', '--total-timesteps', '3000000', '--eval-episodes', '20', '--seed', '0']' returned non-zero exit status 1.
